Horse.Callback.pas
Horse.Commons.pas
Horse.Constants.pas
Horse.Core.Files.pas
Horse.Core.Group.Contract.pas
Horse.Core.Group.pas
Horse.Core.Param.Config.pas
Horse.Core.Param.Field.Brackets.pas
Horse.Core.Param.Field.pas
Horse.Core.Param.Header.pas
Horse.Core.Param.pas
Horse.Core.pas
Horse.Core.Route.Contract.pas
Horse.Core.Route.pas
Horse.Core.RouterTree.NextCaller.pas
Horse.Core.RouterTree.pas
Horse.EnvironmentVariables.pas
Horse.Exception.Interrupted.pas
Horse.Exception.pas
Horse.Mime.pas
Horse.pas
Horse.Proc.pas
Horse.Provider.Abstract.pas
Horse.Provider.Apache.pas
Horse.Provider.CGI.pas
Horse.Provider.Config.pas
Horse.Provider.Console.pas
Horse.Provider.Daemon.pas
Horse.Provider.FPC.Apache.pas
Horse.Provider.FPC.CGI.pas
Horse.Provider.FPC.Daemon.pas
Horse.Provider.FPC.FastCGI.pas
Horse.Provider.FPC.HTTPApplication.pas
Horse.Provider.FPC.LCL.pas
Horse.Provider.IOHandleSSL.Contract.pas
Horse.Provider.IOHandleSSL.pas
Horse.Provider.ISAPI.pas
Horse.Provider.RawAdapters.pas
Horse.Provider.RawInterfaces.pas
Horse.Provider.VCL.pas
Horse.Request.pas
Horse.Response.pas
Horse.Rtti.Helper.pas
Horse.Rtti.pas
Horse.Session.pas
Horse.WebModule.pas
ThirdParty.Posix.Syslog.pas
Web.WebConst.pas